[HQHOST]
HostNum=19
PrimaryHost=18
HostName01=西南证券金点子重庆电信主站1
IPAddress01=219.153.1.115
Port01=7709
HostName02=西南证券金点子上海电信主站1
IPAddress02=180.153.93.135
Port02=7709
HostName03=西南证券金点子重庆联通主站1
IPAddress03=113.207.29.12
Port03=7709
HostName04=西南证券金点子北京联通主站1
IPAddress04=xbhq1.swsc.cn 
Port04=7709
HostName05=西南证券金点子济南联通主站1
IPAddress05=124.128.58.24
Port05=7709
HostName06=西南证券金点子济南联通主站2
IPAddress06=124.128.58.25
Port06=7709
HostName07=西南证券金点子济南联通主站3
IPAddress07=124.128.58.26
Port07=7709
HostName08=西南证券金点子兰州电信主站1
IPAddress08=61.178.18.205
Port08=7709
HostName09=西南证券金点子兰州电信主站2
IPAddress09=61.178.18.206
Port09=7709
HostName10=西南证券金点子兰州电信主站3
IPAddress10=61.178.18.207
Port10=7709
HostName11=西南证券金点子武汉电信主站1
IPAddress11=27.17.58.156
Port11=7709
HostName12=西南证券金点子武汉电信主站2
IPAddress12=27.17.58.157
Port12=7709
HostName13=西南证券金点子武汉电信主站3
IPAddress13=27.17.58.158
Port13=7709
HostName14=西南证券金点子成都电信主站1
IPAddress14=221.237.158.106
Port14=7709
HostName15=西南证券金点子成都电信主站2
IPAddress15=221.237.158.107
Port15=7709
HostName16=西南证券金点子成都电信主站3
IPAddress16=221.237.158.108
Port16=7709
HostName17=西南证券金点子重庆移动主站1
IPAddress17=183.230.9.136
Port17=7709
HostName18=西南证券金点子重庆移动主站2
IPAddress18=183.230.134.6
Port18=7709
HostName19=西南证券金点子深圳电信主站1
IPAddress19=183.60.224.209
Port19=7709
Areas01=
Yybids01=
Areas02=
Yybids02=
Areas03=
Yybids03=
Areas04=
Yybids04=
Areas05=
Yybids05=
Areas06=
Yybids06=
Areas07=
Yybids07=
Areas08=
Yybids08=
Areas09=
Yybids09=
Areas10=
Yybids10=
Areas11=
Yybids11=
Areas12=
Yybids12=
Areas13=
Yybids13=
Areas14=
Yybids14=
Areas15=
Yybids15=
Areas16=
Yybids16=
Areas17=
Yybids17=
Areas18=
Yybids18=
Areas19=
Yybids19=
HostName20=183.60.224.209
IPAddress20=183.60.224.209
Port20=7709
Areas20=
Yybids20=
HostName21=113.204.68.206
IPAddress21=113.204.68.206
Port21=7709
Areas21=
Yybids21=

[INFOHOST]
INFO=1
HostNum=19
PrimaryHost=18
HostName01=西南证券金点子重庆电信主站1
IPAddress01=219.153.1.115
Port01=7712
HostName02=西南证券金点子上海电信主站1
IPAddress02=180.153.93.135
Port02=7712
HostName03=西南证券金点子重庆联通主站1
IPAddress03=221.5.148.227
Port03=7712
HostName04=西南证券金点子北京联通主站1
IPAddress04=xbhq1.swsc.cn
Port04=7712
HostName05=西南证券金点子济南联通主站1
IPAddress05=124.128.58.24
Port05=7712
HostName06=西南证券金点子济南联通主站2
IPAddress06=124.128.58.25
Port06=7712
HostName07=西南证券金点子济南联通主站3
IPAddress07=124.128.58.26
Port07=7712
HostName08=西南证券金点子兰州电信主站1
IPAddress08=61.178.18.205
Port08=7712
HostName09=西南证券金点子兰州电信主站2
IPAddress09=61.178.18.206
Port09=7712
HostName10=西南证券金点子兰州电信主站3
IPAddress10=61.178.18.207
Port10=7712
HostName11=西南证券金点子武汉电信主站1
IPAddress11=27.17.58.156
Port11=7712
HostName12=西南证券金点子武汉电信主站2
IPAddress12=27.17.58.157
Port12=7712
HostName13=西南证券金点子武汉电信主站3
IPAddress13=27.17.58.158
Port13=7712
HostName14=西南证券金点子成都电信主站1
IPAddress14=221.237.158.106
Port14=7712
HostName15=西南证券金点子成都电信主站2
IPAddress15=221.237.158.107
Port15=7712
HostName16=西南证券金点子成都电信主站3
IPAddress16=221.237.158.108
Port16=7712
HostName17=西南证券金点子重庆移动主站1
IPAddress17=183.230.9.136
Port17=7712
HostName18=西南证券金点子重庆移动主站2
IPAddress18=183.230.134.6
Port18=7712
HostName19=西南证券金点子重庆联通主站2
IPAddress19=113.207.29.12
Port19=7712
HostName20=西南证券金点子重庆联通主站2
IPAddress20=113.207.29.12
Port20=7712
Areas01=
Yybids01=
Areas02=
Yybids02=
Areas03=
Yybids03=
Areas04=
Yybids04=
Areas05=
Yybids05=
Areas06=
Yybids06=
Areas07=
Yybids07=
Areas08=
Yybids08=
Areas09=
Yybids09=
Areas10=
Yybids10=
Areas11=
Yybids11=
Areas12=
Yybids12=
Areas13=
Yybids13=
Areas14=
Yybids14=
Areas15=
Yybids15=
Areas16=
Yybids16=
Areas17=
Yybids17=
Areas18=
Yybids18=
Areas19=
Yybids19=
Areas20=
Yybids20=
HostName21=183.60.224.209
IPAddress21=183.60.224.209
Port21=7712
Areas21=
Yybids21=

[Other]
HasHomePage=1
HasJSHomePage=1
JSHomePageUseT2EE=0
HQSourceInfo=沪深交易所的普通行情由西南证券提供。				国内期货行情由西南证券提供。					沪深交易所的Level2行情由深圳市财富趋势科技股份有限公司提供。
DefaultRestHeight_Jgb=370
HasTQ=1
OtherBtUrl=http://www.swsc.com.cn/
SupportStatusRoll=1
SupportSlowStatusRoll=1
WTF12=1
HideLogoTab=1
TurnLogo=0
RiskPost=1
DgzqStyle=0
ForbidSameTime=0
AutoConnectIn=1
AlwaysGuest=0
InitTcpipMode=0
ShowVersoin=1
NoDiskMode=0
PreName=西南证券金点子财富管理终端
TitleName=西南证券金点子财富管理终端
Corp=西南证券网站
CorpWeb=www.swsc.com.cn
AutoUpZip=new_zszq_autoup
WebInfoINI=zszqwebinfo.ini
HELPURL=
SysMark=西南证券
LogoAdvert=
HasWebInfo=0
HasWebInfo=0

WTPreNAME=通达信网上交易
HIDESAVEZH=0
MinAuthPassLen=1
WebPageStr06=
WtUserVerifyStyle=0
EnableNLB=1
HintSwitch=0
AutoupURLDir=www.tdx.com.cn/products/autoup/
ALLEQUAL=0
SHOWGBINFO=0
TREEQUIT=0
HasSSL=0
RandSwitch=1
UseLocalData=0
DiffVolMode=0
AtOnceDown=0
ForbidOtherHost=0
CanUsedConnectEver=0
RestRightBtn=0
EveryFirstHost=0
HasUserHost=0
HasDS=1
UseDS=0
WTF9=1
TreeCloseBtn=1
HasJBFX=0
HasChat=0
HasTICQ=0
AutoConnectTICQ=0
HasCustomPad=1
HasShx=0
docpath=
WebKeyGuy=0
Show3MMP=0
AutoLogo=0
ReConnectNum=0
EmailStr=
EmailURL=
NeedPlugExe=0
F10Cache1Day=1
AddBlockPrompt=0
SimpleZxMenu=0
LogoTimeOut=10
GLSCVersion=0
HasExDay=0
HasZHB=0
CompatibleSzCode=0
FXJSSADDRESS=
SHOWFASTCHECK=0
GETFASTHOST=0
LOGINKOULING=0
AUTOUPDATE=1
CYFIRST=0
CLEAN=1
GPFILTER=0
AboutURL=
HasWebMovingInfo=0
AlwaysMovingInfo=0
WebDownInterval=30
WebMovingUrl=
NoAutoup=0
NBBS=tdx
ShareMode=0
HabitPath=
ShortRefreshHQ=0
OtherFileName=customcfg_xnzd.zip
CacheFileName=flash.zip
WhichAutoUpInfo=20
WhichURLType=1
LittleFluxVersion=0
MaxFluxCount=19200000
NLBOnLogo=0
Version_Title=
Warn=1
AutoupFromHQHost=0
TRADEAUTOUP=0
APPLYONLINE=0
NLBLESS=0
ShowZjzhInCombo=1
ShowProtect=1
ALLONESAVE=0
DSAutoStopMinute=10
AddZxURL=
AddZxStr=
WTColorIcon=0
ShowWTServerName=0
OnlyOne=0
WebInfoURL=
LogoHelpURL=
LogoHelpStr=
EmbedTabSel=1
SaveEmbedTabSel=1
AutoupMakeLinkName=
NoUrgent=0
NetErrorReLogin=1
HasHomePage=0
HasBigToolBar=0

[Integrity]
ChatAreaNum=3
ChatAreaStr01=信息地雷
AreaType01=4
ChatAreaStr02=个股备忘
AreaType02=6
ChatAreaStr03=交易委托
AreaType03=9

[VitalBtn]
BtnNum=3
BtnStr01=行情系统
BtnType01=4
BtnStr02=西南资讯
BtnType02=1
BtnStr03=交易委托
BtnType03=2

[IETOOLBAR]
TOOLNAME=TdxW.exe
TOOLFLAG=0
TOOLKEY=
TOOLTEXT=西南证券金点子财富管理终端
TOOLPATH=西南证券

[UserHost]
WtUserVerifyStyle=1
MiscJyStyle=0
HasAutoRelation=0
HasWebRelation=0
GuestLogin=0
RegisterLogin=1
JyLogin=0
DialogRegister=0
Port=7715
BakPort=7715
GuestLogin_Str=浏览用户
RegisterLogin_Str=资金帐号方式
JyLogin_Str=CA证书方式
IPAddress=
BakIPAddress=
CanDelMySelf=0
OnlyWebUser=0
Web_RegisterURL=
Web_UserInfoURL=
EnableUserName=1
UserHostEverConnect=0
JyTimeOption=0
ReVerifySpan=20
SpecIPLogin=0
SpecIPLogin_Str=总部用户
HexinWtOnlyTXMM=0
QSID=西南证券
CheckUserURL=

[DSHOST]
Port=7720
IPAddress=
HostNum=7
PrimaryHost=5
HostName01=西南证券股指期货电信01
IPAddress01=219.153.1.102
Port01=7721
HostName02=西南证券股指期货电信02
IPAddress02=219.153.1.103
Port02=7721
HostName03=西南证券股指期货联通01
IPAddress03=113.207.29.21
Port03=7721
HostName04=西南证券股指期货联通02
IPAddress04=113.207.29.22
Port04=7721
HostName05=西南证券期权电信
IPAddress05=222.178.203.123
Port05=7719
HostName06=西南证券期权联通
IPAddress06=113.207.37.98
Port06=7719
HostName07=西南证券期权移动
IPAddress07=183.230.134.6
Port07=7719
Areas01=
Yybids01=
Areas02=
Yybids02=
Areas03=
Yybids03=
Areas04=
Yybids04=
Areas05=
Yybids05=
Areas06=
Yybids06=
Areas07=
Yybids07=

[SHELLEXE]
EXENUM=0

[TDXPROXY]
HasTdxProxy=1
buse=0
IP=222.178.70.20
Port=443
Desc=西南证券电信绿色通道一
IP2=113.207.37.110
Port2=443 
Desc2=西南证券联通绿色通道一
IP3=222.178.70.22
Port3=80 
Desc3=西南证券电信绿色通道二
IP4=113.207.37.111
Port4=80 
Desc4=西南证券联通绿色通道二
IP5=221.5.148.250
Desc5=西南证券联通绿色通道三
Port5=443
IP6=221.5.148.251
Desc6=西南证券联通绿色通道四
Port6=80
IP7=222.178.203.139
Desc7=西南证券电信绿色通道三
Port7=80
IP8=222.178.203.140
Desc8=西南证券电信绿色通道四
Port8=443
IP9=
Desc9=
Port9=0
IP10=
Desc10=
Port10=0

[Version]
NewJy=0
HasVipJy=0
HasCXMode=0
InsideVersion=0
OnlyHK=0
HasNote=1
HasTL=1

[TQHost]
HostNum=4

HostName01=西南证券重庆电信在线咨询1
IPAddress01=222.178.203.123
Port01=7714
HostName02=西南证券重庆电信在线咨询2
IPAddress02=222.178.70.12
Port02=7714
HostName03=西南证券重庆联通在线咨询1
IPAddress03=113.207.29.27
Port03=7714
HostName04=西南证券重庆联通在线咨询2
IPAddress04=221.5.148.227
Port04=7714
Areas01=
Areas02=
Areas03=
Areas04=

[OEM]
CheckAfter=1
CheckAfter_Title=
CheckAfter_Width=
CheckAfter_High=

[CWSYS]
NLB=3
PrimaryCWHost=1
TimeOut=10
;是否启用子连接
SubCwHost=0
;SESSIONTYPE为 0:cwhost懒连接 1:cwhost长连接 2:cwhost短连接 3:TP懒连接 4:TP PUSH连接 
SESSIONTYPE=4
CWHostNum=5

CWHostName01=西南证券重庆电信服务器1
CWHost01=222.178.70.12
CWPort01=7722

CWHostName02=西南证券重庆电信服务器2
CWHost02=222.178.203.123
CWPort02=7722

CWHostName03=西南证券重庆联通服务器1
CWHost03=221.5.148.227
CWPort03=7722

CWHostName04=西南证券重庆联通服务器2
CWHost04=113.207.29.27
CWPort04=7722

CWHostName05=西南证券重庆移动服务器1
CWHost05=183.230.9.136
CWPort05=7722
Areas01=
Areas02=
Areas03=
Areas04=
Areas05=

[TPSYS]
TPInitInFrame=0
TPHostNum=5
PrimaryTPHost=2
TPHostName01=西南证券重庆电信服务器1
TPHost01=222.178.203.123
TPPort01=7605

TPHostName02=西南证券重庆电信服务器2
TPHost02=222.178.70.12
TPPort02=7605

TPHostName03=西南证券重庆联通服务器1
TPHost03=113.207.37.98
TPPort03=7605

TPHostName04=西南证券重庆联通服务器2
TPHost04=221.5.148.227
TPPort04=7605

TPHostName05=西南证券重庆移动服务器1
TPHost05=183.230.9.136
TPPort05=7605
Areas01=
Areas02=
Areas03=
Areas04=
Areas05=

[TRYHQHOST]
PrimaryHost=-1
[OTHERHOST]
L2PrimaryHost=0
SSDSPrimaryHost=0
VipHQPrimaryHost=-1
VipHQ2PrimaryHost=-1
[STARTMENU]
HASHDIR=0
HDIRNAME=
